
a) Outbound Flight
b) Inbound Flight
c) Quit
Choice: Invalid choice.

a) Outbound Flight
b) Inbound Flight
c) Quit
Choice: 
a) Show number of empty seats
b) Show list of empty seats
c) Show alphabetical list of seats
d) Assign a customer to a seat assignment
e) Delete a seat assignment
f) Return to Main Menu
Choice: Empty seats: 1 2 3 4 5 6 7 8 9 10 11 12 13 14 15 16 17 18 19 20 21 22 23 24 

a) Show number of empty seats
b) Show list of empty seats
c) Show alphabetical list of seats
d) Assign a customer to a seat assignment
e) Delete a seat assignment
f) Return to Main Menu
Choice: Alphabetical list:

a) Show number of empty seats
b) Show list of empty seats
c) Show alphabetical list of seats
d) Assign a customer to a seat assignment
e) Delete a seat assignment
f) Return to Main Menu
Choice: Enter seat number to delete (q to abort): That seat is already empty.

a) Show number of empty seats
b) Show list of empty seats
c) Show alphabetical list of seats
d) Assign a customer to a seat assignment
e) Delete a seat assignment
f) Return to Main Menu
Choice: Enter seat number to assign (q to abort): Enter first name (q to abort): Enter last name (q to abort): Seat 1 assigned to Alice d.

a) Show number of empty seats
b) Show list of empty seats
c) Show alphabetical list of seats
d) Assign a customer to a seat assignment
e) Delete a seat assignment
f) Return to Main Menu
Choice: Invalid choice.

a) Show number of empty seats
b) Show list of empty seats
c) Show alphabetical list of seats
d) Assign a customer to a seat assignment
e) Delete a seat assignment
f) Return to Main Menu
Choice: Invalid choice.

a) Show number of empty seats
b) Show list of empty seats
c) Show alphabetical list of seats
d) Assign a customer to a seat assignment
e) Delete a seat assignment
f) Return to Main Menu
Choice: Invalid choice.

a) Show number of empty seats
b) Show list of empty seats
c) Show alphabetical list of seats
d) Assign a customer to a seat assignment
e) Delete a seat assignment
f) Return to Main Menu
Choice: Empty seats: 2 3 4 5 6 7 8 9 10 11 12 13 14 15 16 17 18 19 20 21 22 23 24 

a) Show number of empty seats
b) Show list of empty seats
c) Show alphabetical list of seats
d) Assign a customer to a seat assignment
e) Delete a seat assignment
f) Return to Main Menu
Choice: Empty seats: 2 3 4 5 6 7 8 9 10 11 12 13 14 15 16 17 18 19 20 21 22 23 24 

a) Show number of empty seats
b) Show list of empty seats
c) Show alphabetical list of seats
d) Assign a customer to a seat assignment
e) Delete a seat assignment
f) Return to Main Menu
Choice: Alphabetical list:
Seat 1: d, Alice

a) Show number of empty seats
b) Show list of empty seats
c) Show alphabetical list of seats
d) Assign a customer to a seat assignment
e) Delete a seat assignment
f) Return to Main Menu
Choice: Enter seat number to assign (q to abort): Enter first name (q to abort): Enter last name (q to abort): Seat 2 assigned to John Smith.

a) Show number of empty seats
b) Show list of empty seats
c) Show alphabetical list of seats
d) Assign a customer to a seat assignment
e) Delete a seat assignment
f) Return to Main Menu
Choice: Enter seat number to assign (q to abort): Enter first name (q to abort): Enter last name (q to abort): Seat 3 assigned to AAAAAAAAAAAAAAAAAAAAAAAAAAAAA AAAAAAAAAAAAAAAAAAAAAAAAAAAAA.

a) Show number of empty seats
b) Show list of empty seats
c) Show alphabetical list of seats
d) Assign a customer to a seat assignment
e) Delete a seat assignment
f) Return to Main Menu
Choice: Invalid choice.

a) Show number of empty seats
b) Show list of empty seats
c) Show alphabetical list of seats
d) Assign a customer to a seat assignment
e) Delete a seat assignment
f) Return to Main Menu
Choice: Invalid choice.

a) Show number of empty seats
b) Show list of empty seats
c) Show alphabetical list of seats
d) Assign a customer to a seat assignment
e) Delete a seat assignment
f) Return to Main Menu
Choice: Invalid choice.

a) Show number of empty seats
b) Show list of empty seats
c) Show alphabetical list of seats
d) Assign a customer to a seat assignment
e) Delete a seat assignment
f) Return to Main Menu
Choice: Invalid choice.

a) Show number of empty seats
b) Show list of empty seats
c) Show alphabetical list of seats
d) Assign a customer to a seat assignment
e) Delete a seat assignment
f) Return to Main Menu
Choice: Invalid choice.

a) Show number of empty seats
b) Show list of empty seats
c) Show alphabetical list of seats
d) Assign a customer to a seat assignment
e) Delete a seat assignment
f) Return to Main Menu
Choice: Invalid choice.

a) Show number of empty seats
b) Show list of empty seats
c) Show alphabetical list of seats
d) Assign a customer to a seat assignment
e) Delete a seat assignment
f) Return to Main Menu
Choice: Invalid choice.

a) Show number of empty seats
b) Show list of empty seats
c) Show alphabetical list of seats
d) Assign a customer to a seat assignment
e) Delete a seat assignment
f) Return to Main Menu
Choice: Invalid choice.

a) Show number of empty seats
b) Show list of empty seats
c) Show alphabetical list of seats
d) Assign a customer to a seat assignment
e) Delete a seat assignment
f) Return to Main Menu
Choice: Invalid choice.

a) Show number of empty seats
b) Show list of empty seats
c) Show alphabetical list of seats
d) Assign a customer to a seat assignment
e) Delete a seat assignment
f) Return to Main Menu
Choice: Invalid choice.

a) Show number of empty seats
b) Show list of empty seats
c) Show alphabetical list of seats
d) Assign a customer to a seat assignment
e) Delete a seat assignment
f) Return to Main Menu
Choice: Invalid choice.

a) Show number of empty seats
b) Show list of empty seats
c) Show alphabetical list of seats
d) Assign a customer to a seat assignment
e) Delete a seat assignment
f) Return to Main Menu
Choice: Invalid choice.

a) Show number of empty seats
b) Show list of empty seats
c) Show alphabetical list of seats
d) Assign a customer to a seat assignment
e) Delete a seat assignment
f) Return to Main Menu
Choice: Invalid choice.

a) Show number of empty seats
b) Show list of empty seats
c) Show alphabetical list of seats
d) Assign a customer to a seat assignment
e) Delete a seat assignment
f) Return to Main Menu
Choice: Invalid choice.

a) Show number of empty seats
b) Show list of empty seats
c) Show alphabetical list of seats
d) Assign a customer to a seat assignment
e) Delete a seat assignment
f) Return to Main Menu
Choice: Invalid choice.

a) Show number of empty seats
b) Show list of empty seats
c) Show alphabetical list of seats
d) Assign a customer to a seat assignment
e) Delete a seat assignment
f) Return to Main Menu
Choice: Invalid choice.

a) Show number of empty seats
b) Show list of empty seats
c) Show alphabetical list of seats
d) Assign a customer to a seat assignment
e) Delete a seat assignment
f) Return to Main Menu
Choice: Invalid choice.

a) Show number of empty seats
b) Show list of empty seats
c) Show alphabetical list of seats
d) Assign a customer to a seat assignment
e) Delete a seat assignment
f) Return to Main Menu
Choice: Invalid choice.

a) Show number of empty seats
b) Show list of empty seats
c) Show alphabetical list of seats
d) Assign a customer to a seat assignment
e) Delete a seat assignment
f) Return to Main Menu
Choice: Invalid choice.

a) Show number of empty seats
b) Show list of empty seats
c) Show alphabetical list of seats
d) Assign a customer to a seat assignment
e) Delete a seat assignment
f) Return to Main Menu
Choice: Invalid choice.

a) Show number of empty seats
b) Show list of empty seats
c) Show alphabetical list of seats
d) Assign a customer to a seat assignment
e) Delete a seat assignment
f) Return to Main Menu
Choice: Invalid choice.

a) Show number of empty seats
b) Show list of empty seats
c) Show alphabetical list of seats
d) Assign a customer to a seat assignment
e) Delete a seat assignment
f) Return to Main Menu
Choice: Invalid choice.

a) Show number of empty seats
b) Show list of empty seats
c) Show alphabetical list of seats
d) Assign a customer to a seat assignment
e) Delete a seat assignment
f) Return to Main Menu
Choice: Invalid choice.

a) Show number of empty seats
b) Show list of empty seats
c) Show alphabetical list of seats
d) Assign a customer to a seat assignment
e) Delete a seat assignment
f) Return to Main Menu
Choice: Invalid choice.

a) Show number of empty seats
b) Show list of empty seats
c) Show alphabetical list of seats
d) Assign a customer to a seat assignment
e) Delete a seat assignment
f) Return to Main Menu
Choice: Invalid choice.

a) Show number of empty seats
b) Show list of empty seats
c) Show alphabetical list of seats
d) Assign a customer to a seat assignment
e) Delete a seat assignment
f) Return to Main Menu
Choice: Invalid choice.

a) Show number of empty seats
b) Show list of empty seats
c) Show alphabetical list of seats
d) Assign a customer to a seat assignment
e) Delete a seat assignment
f) Return to Main Menu
Choice: Invalid choice.

a) Show number of empty seats
b) Show list of empty seats
c) Show alphabetical list of seats
d) Assign a customer to a seat assignment
e) Delete a seat assignment
f) Return to Main Menu
Choice: Invalid choice.

a) Show number of empty seats
b) Show list of empty seats
c) Show alphabetical list of seats
d) Assign a customer to a seat assignment
e) Delete a seat assignment
f) Return to Main Menu
Choice: Invalid choice.

a) Show number of empty seats
b) Show list of empty seats
c) Show alphabetical list of seats
d) Assign a customer to a seat assignment
e) Delete a seat assignment
f) Return to Main Menu
Choice: Invalid choice.

a) Show number of empty seats
b) Show list of empty seats
c) Show alphabetical list of seats
d) Assign a customer to a seat assignment
e) Delete a seat assignment
f) Return to Main Menu
Choice: Invalid choice.

a) Show number of empty seats
b) Show list of empty seats
c) Show alphabetical list of seats
d) Assign a customer to a seat assignment
e) Delete a seat assignment
f) Return to Main Menu
Choice: Invalid choice.

a) Show number of empty seats
b) Show list of empty seats
c) Show alphabetical list of seats
d) Assign a customer to a seat assignment
e) Delete a seat assignment
f) Return to Main Menu
Choice: Invalid choice.

a) Show number of empty seats
b) Show list of empty seats
c) Show alphabetical list of seats
d) Assign a customer to a seat assignment
e) Delete a seat assignment
f) Return to Main Menu
Choice: Invalid choice.

a) Show number of empty seats
b) Show list of empty seats
c) Show alphabetical list of seats
d) Assign a customer to a seat assignment
e) Delete a seat assignment
f) Return to Main Menu
Choice: Invalid choice.

a) Show number of empty seats
b) Show list of empty seats
c) Show alphabetical list of seats
d) Assign a customer to a seat assignment
e) Delete a seat assignment
f) Return to Main Menu
Choice: Invalid choice.

a) Show number of empty seats
b) Show list of empty seats
c) Show alphabetical list of seats
d) Assign a customer to a seat assignment
e) Delete a seat assignment
f) Return to Main Menu
Choice: Invalid choice.

a) Show number of empty seats
b) Show list of empty seats
c) Show alphabetical list of seats
d) Assign a customer to a seat assignment
e) Delete a seat assignment
f) Return to Main Menu
Choice: Invalid choice.

a) Show number of empty seats
b) Show list of empty seats
c) Show alphabetical list of seats
d) Assign a customer to a seat assignment
e) Delete a seat assignment
f) Return to Main Menu
Choice: Invalid choice.

a) Show number of empty seats
b) Show list of empty seats
c) Show alphabetical list of seats
d) Assign a customer to a seat assignment
e) Delete a seat assignment
f) Return to Main Menu
Choice: Invalid choice.

a) Show number of empty seats
b) Show list of empty seats
c) Show alphabetical list of seats
d) Assign a customer to a seat assignment
e) Delete a seat assignment
f) Return to Main Menu
Choice: Invalid choice.

a) Show number of empty seats
b) Show list of empty seats
c) Show alphabetical list of seats
d) Assign a customer to a seat assignment
e) Delete a seat assignment
f) Return to Main Menu
Choice: Invalid choice.

a) Show number of empty seats
b) Show list of empty seats
c) Show alphabetical list of seats
d) Assign a customer to a seat assignment
e) Delete a seat assignment
f) Return to Main Menu
Choice: Invalid choice.

a) Show number of empty seats
b) Show list of empty seats
c) Show alphabetical list of seats
d) Assign a customer to a seat assignment
e) Delete a seat assignment
f) Return to Main Menu
Choice: Invalid choice.

a) Show number of empty seats
b) Show list of empty seats
c) Show alphabetical list of seats
d) Assign a customer to a seat assignment
e) Delete a seat assignment
f) Return to Main Menu
Choice: Invalid choice.

a) Show number of empty seats
b) Show list of empty seats
c) Show alphabetical list of seats
d) Assign a customer to a seat assignment
e) Delete a seat assignment
f) Return to Main Menu
Choice: Invalid choice.

a) Show number of empty seats
b) Show list of empty seats
c) Show alphabetical list of seats
d) Assign a customer to a seat assignment
e) Delete a seat assignment
f) Return to Main Menu
Choice: Invalid choice.

a) Show number of empty seats
b) Show list of empty seats
c) Show alphabetical list of seats
d) Assign a customer to a seat assignment
e) Delete a seat assignment
f) Return to Main Menu
Choice: Invalid choice.

a) Show number of empty seats
b) Show list of empty seats
c) Show alphabetical list of seats
d) Assign a customer to a seat assignment
e) Delete a seat assignment
f) Return to Main Menu
Choice: Invalid choice.

a) Show number of empty seats
b) Show list of empty seats
c) Show alphabetical list of seats
d) Assign a customer to a seat assignment
e) Delete a seat assignment
f) Return to Main Menu
Choice: Invalid choice.

a) Show number of empty seats
b) Show list of empty seats
c) Show alphabetical list of seats
d) Assign a customer to a seat assignment
e) Delete a seat assignment
f) Return to Main Menu
Choice: Invalid choice.

a) Show number of empty seats
b) Show list of empty seats
c) Show alphabetical list of seats
d) Assign a customer to a seat assignment
e) Delete a seat assignment
f) Return to Main Menu
Choice: Invalid choice.

a) Show number of empty seats
b) Show list of empty seats
c) Show alphabetical list of seats
d) Assign a customer to a seat assignment
e) Delete a seat assignment
f) Return to Main Menu
Choice: Invalid choice.

a) Show number of empty seats
b) Show list of empty seats
c) Show alphabetical list of seats
d) Assign a customer to a seat assignment
e) Delete a seat assignment
f) Return to Main Menu
Choice: Invalid choice.

a) Show number of empty seats
b) Show list of empty seats
c) Show alphabetical list of seats
d) Assign a customer to a seat assignment
e) Delete a seat assignment
f) Return to Main Menu
Choice: Invalid choice.

a) Show number of empty seats
b) Show list of empty seats
c) Show alphabetical list of seats
d) Assign a customer to a seat assignment
e) Delete a seat assignment
f) Return to Main Menu
Choice: Invalid choice.

a) Show number of empty seats
b) Show list of empty seats
c) Show alphabetical list of seats
d) Assign a customer to a seat assignment
e) Delete a seat assignment
f) Return to Main Menu
Choice: Invalid choice.

a) Show number of empty seats
b) Show list of empty seats
c) Show alphabetical list of seats
d) Assign a customer to a seat assignment
e) Delete a seat assignment
f) Return to Main Menu
Choice: Invalid choice.

a) Show number of empty seats
b) Show list of empty seats
c) Show alphabetical list of seats
d) Assign a customer to a seat assignment
e) Delete a seat assignment
f) Return to Main Menu
Choice: Invalid choice.

a) Show number of empty seats
b) Show list of empty seats
c) Show alphabetical list of seats
d) Assign a customer to a seat assignment
e) Delete a seat assignment
f) Return to Main Menu
Choice: Invalid choice.

a) Show number of empty seats
b) Show list of empty seats
c) Show alphabetical list of seats
d) Assign a customer to a seat assignment
e) Delete a seat assignment
f) Return to Main Menu
Choice: Invalid choice.

a) Show number of empty seats
b) Show list of empty seats
c) Show alphabetical list of seats
d) Assign a customer to a seat assignment
e) Delete a seat assignment
f) Return to Main Menu
Choice: Invalid choice.

a) Show number of empty seats
b) Show list of empty seats
c) Show alphabetical list of seats
d) Assign a customer to a seat assignment
e) Delete a seat assignment
f) Return to Main Menu
Choice: Invalid choice.

a) Show number of empty seats
b) Show list of empty seats
c) Show alphabetical list of seats
d) Assign a customer to a seat assignment
e) Delete a seat assignment
f) Return to Main Menu
Choice: Invalid choice.

a) Show number of empty seats
b) Show list of empty seats
c) Show alphabetical list of seats
d) Assign a customer to a seat assignment
e) Delete a seat assignment
f) Return to Main Menu
Choice: Invalid choice.

a) Show number of empty seats
b) Show list of empty seats
c) Show alphabetical list of seats
d) Assign a customer to a seat assignment
e) Delete a seat assignment
f) Return to Main Menu
Choice: Invalid choice.

a) Show number of empty seats
b) Show list of empty seats
c) Show alphabetical list of seats
d) Assign a customer to a seat assignment
e) Delete a seat assignment
f) Return to Main Menu
Choice: Invalid choice.

a) Show number of empty seats
b) Show list of empty seats
c) Show alphabetical list of seats
d) Assign a customer to a seat assignment
e) Delete a seat assignment
f) Return to Main Menu
Choice: Invalid choice.

a) Show number of empty seats
b) Show list of empty seats
c) Show alphabetical list of seats
d) Assign a customer to a seat assignment
e) Delete a seat assignment
f) Return to Main Menu
Choice: Invalid choice.

a) Show number of empty seats
b) Show list of empty seats
c) Show alphabetical list of seats
d) Assign a customer to a seat assignment
e) Delete a seat assignment
f) Return to Main Menu
Choice: Invalid choice.

a) Show number of empty seats
b) Show list of empty seats
c) Show alphabetical list of seats
d) Assign a customer to a seat assignment
e) Delete a seat assignment
f) Return to Main Menu
Choice: Invalid choice.

a) Show number of empty seats
b) Show list of empty seats
c) Show alphabetical list of seats
d) Assign a customer to a seat assignment
e) Delete a seat assignment
f) Return to Main Menu
Choice: Invalid choice.

a) Show number of empty seats
b) Show list of empty seats
c) Show alphabetical list of seats
d) Assign a customer to a seat assignment
e) Delete a seat assignment
f) Return to Main Menu
Choice: Invalid choice.

a) Show number of empty seats
b) Show list of empty seats
c) Show alphabetical list of seats
d) Assign a customer to a seat assignment
e) Delete a seat assignment
f) Return to Main Menu
Choice: Invalid choice.

a) Show number of empty seats
b) Show list of empty seats
c) Show alphabetical list of seats
d) Assign a customer to a seat assignment
e) Delete a seat assignment
f) Return to Main Menu
Choice: Invalid choice.

a) Show number of empty seats
b) Show list of empty seats
c) Show alphabetical list of seats
d) Assign a customer to a seat assignment
e) Delete a seat assignment
f) Return to Main Menu
Choice: Invalid choice.

a) Show number of empty seats
b) Show list of empty seats
c) Show alphabetical list of seats
d) Assign a customer to a seat assignment
e) Delete a seat assignment
f) Return to Main Menu
Choice: Invalid choice.

a) Show number of empty seats
b) Show list of empty seats
c) Show alphabetical list of seats
d) Assign a customer to a seat assignment
e) Delete a seat assignment
f) Return to Main Menu
Choice: Invalid choice.

a) Show number of empty seats
b) Show list of empty seats
c) Show alphabetical list of seats
d) Assign a customer to a seat assignment
e) Delete a seat assignment
f) Return to Main Menu
Choice: Invalid choice.

a) Show number of empty seats
b) Show list of empty seats
c) Show alphabetical list of seats
d) Assign a customer to a seat assignment
e) Delete a seat assignment
f) Return to Main Menu
Choice: Invalid choice.

a) Show number of empty seats
b) Show list of empty seats
c) Show alphabetical list of seats
d) Assign a customer to a seat assignment
e) Delete a seat assignment
f) Return to Main Menu
Choice: Invalid choice.

a) Show number of empty seats
b) Show list of empty seats
c) Show alphabetical list of seats
d) Assign a customer to a seat assignment
e) Delete a seat assignment
f) Return to Main Menu
Choice: Invalid choice.

a) Show number of empty seats
b) Show list of empty seats
c) Show alphabetical list of seats
d) Assign a customer to a seat assignment
e) Delete a seat assignment
f) Return to Main Menu
Choice: Invalid choice.

a) Show number of empty seats
b) Show list of empty seats
c) Show alphabetical list of seats
d) Assign a customer to a seat assignment
e) Delete a seat assignment
f) Return to Main Menu
Choice: Invalid choice.

a) Show number of empty seats
b) Show list of empty seats
c) Show alphabetical list of seats
d) Assign a customer to a seat assignment
e) Delete a seat assignment
f) Return to Main Menu
Choice: Invalid choice.

a) Show number of empty seats
b) Show list of empty seats
c) Show alphabetical list of seats
d) Assign a customer to a seat assignment
e) Delete a seat assignment
f) Return to Main Menu
Choice: Invalid choice.

a) Show number of empty seats
b) Show list of empty seats
c) Show alphabetical list of seats
d) Assign a customer to a seat assignment
e) Delete a seat assignment
f) Return to Main Menu
Choice: Invalid choice.

a) Show number of empty seats
b) Show list of empty seats
c) Show alphabetical list of seats
d) Assign a customer to a seat assignment
e) Delete a seat assignment
f) Return to Main Menu
Choice: Invalid choice.

a) Show number of empty seats
b) Show list of empty seats
c) Show alphabetical list of seats
d) Assign a customer to a seat assignment
e) Delete a seat assignment
f) Return to Main Menu
Choice: Invalid choice.

a) Show number of empty seats
b) Show list of empty seats
c) Show alphabetical list of seats
d) Assign a customer to a seat assignment
e) Delete a seat assignment
f) Return to Main Menu
Choice: Invalid choice.

a) Show number of empty seats
b) Show list of empty seats
c) Show alphabetical list of seats
d) Assign a customer to a seat assignment
e) Delete a seat assignment
f) Return to Main Menu
Choice: Invalid choice.

a) Show number of empty seats
b) Show list of empty seats
c) Show alphabetical list of seats
d) Assign a customer to a seat assignment
e) Delete a seat assignment
f) Return to Main Menu
Choice: Invalid choice.

a) Show number of empty seats
b) Show list of empty seats
c) Show alphabetical list of seats
d) Assign a customer to a seat assignment
e) Delete a seat assignment
f) Return to Main Menu
Choice: Invalid choice.

a) Show number of empty seats
b) Show list of empty seats
c) Show alphabetical list of seats
d) Assign a customer to a seat assignment
e) Delete a seat assignment
f) Return to Main Menu
Choice: Invalid choice.

a) Show number of empty seats
b) Show list of empty seats
c) Show alphabetical list of seats
d) Assign a customer to a seat assignment
e) Delete a seat assignment
f) Return to Main Menu
Choice: Invalid choice.

a) Show number of empty seats
b) Show list of empty seats
c) Show alphabetical list of seats
d) Assign a customer to a seat assignment
e) Delete a seat assignment
f) Return to Main Menu
Choice: Invalid choice.

a) Show number of empty seats
b) Show list of empty seats
c) Show alphabetical list of seats
d) Assign a customer to a seat assignment
e) Delete a seat assignment
f) Return to Main Menu
Choice: Invalid choice.

a) Show number of empty seats
b) Show list of empty seats
c) Show alphabetical list of seats
d) Assign a customer to a seat assignment
e) Delete a seat assignment
f) Return to Main Menu
Choice: Invalid choice.

a) Show number of empty seats
b) Show list of empty seats
c) Show alphabetical list of seats
d) Assign a customer to a seat assignment
e) Delete a seat assignment
f) Return to Main Menu
Choice: Invalid choice.

a) Show number of empty seats
b) Show list of empty seats
c) Show alphabetical list of seats
d) Assign a customer to a seat assignment
e) Delete a seat assignment
f) Return to Main Menu
Choice: Invalid choice.

a) Show number of empty seats
b) Show list of empty seats
c) Show alphabetical list of seats
d) Assign a customer to a seat assignment
e) Delete a seat assignment
f) Return to Main Menu
Choice: Invalid choice.

a) Show number of empty seats
b) Show list of empty seats
c) Show alphabetical list of seats
d) Assign a customer to a seat assignment
e) Delete a seat assignment
f) Return to Main Menu
Choice: Invalid choice.

a) Show number of empty seats
b) Show list of empty seats
c) Show alphabetical list of seats
d) Assign a customer to a seat assignment
e) Delete a seat assignment
f) Return to Main Menu
Choice: Invalid choice.

a) Show number of empty seats
b) Show list of empty seats
c) Show alphabetical list of seats
d) Assign a customer to a seat assignment
e) Delete a seat assignment
f) Return to Main Menu
Choice: Invalid choice.

a) Show number of empty seats
b) Show list of empty seats
c) Show alphabetical list of seats
d) Assign a customer to a seat assignment
e) Delete a seat assignment
f) Return to Main Menu
Choice: Invalid choice.

a) Show number of empty seats
b) Show list of empty seats
c) Show alphabetical list of seats
d) Assign a customer to a seat assignment
e) Delete a seat assignment
f) Return to Main Menu
Choice: Invalid choice.

a) Show number of empty seats
b) Show list of empty seats
c) Show alphabetical list of seats
d) Assign a customer to a seat assignment
e) Delete a seat assignment
f) Return to Main Menu
Choice: Invalid choice.

a) Show number of empty seats
b) Show list of empty seats
c) Show alphabetical list of seats
d) Assign a customer to a seat assignment
e) Delete a seat assignment
f) Return to Main Menu
Choice: Invalid choice.

a) Show number of empty seats
b) Show list of empty seats
c) Show alphabetical list of seats
d) Assign a customer to a seat assignment
e) Delete a seat assignment
f) Return to Main Menu
Choice: Invalid choice.

a) Show number of empty seats
b) Show list of empty seats
c) Show alphabetical list of seats
d) Assign a customer to a seat assignment
e) Delete a seat assignment
f) Return to Main Menu
Choice: Invalid choice.

a) Show number of empty seats
b) Show list of empty seats
c) Show alphabetical list of seats
d) Assign a customer to a seat assignment
e) Delete a seat assignment
f) Return to Main Menu
Choice: Invalid choice.

a) Show number of empty seats
b) Show list of empty seats
c) Show alphabetical list of seats
d) Assign a customer to a seat assignment
e) Delete a seat assignment
f) Return to Main Menu
Choice: Invalid choice.

a) Show number of empty seats
b) Show list of empty seats
c) Show alphabetical list of seats
d) Assign a customer to a seat assignment
e) Delete a seat assignment
f) Return to Main Menu
Choice: Invalid choice.

a) Show number of empty seats
b) Show list of empty seats
c) Show alphabetical list of seats
d) Assign a customer to a seat assignment
e) Delete a seat assignment
f) Return to Main Menu
Choice: Invalid choice.

a) Show number of empty seats
b) Show list of empty seats
c) Show alphabetical list of seats
d) Assign a customer to a seat assignment
e) Delete a seat assignment
f) Return to Main Menu
Choice: Invalid choice.

a) Show number of empty seats
b) Show list of empty seats
c) Show alphabetical list of seats
d) Assign a customer to a seat assignment
e) Delete a seat assignment
f) Return to Main Menu
Choice: Invalid choice.

a) Show number of empty seats
b) Show list of empty seats
c) Show alphabetical list of seats
d) Assign a customer to a seat assignment
e) Delete a seat assignment
f) Return to Main Menu
Choice: Invalid choice.

a) Show number of empty seats
b) Show list of empty seats
c) Show alphabetical list of seats
d) Assign a customer to a seat assignment
e) Delete a seat assignment
f) Return to Main Menu
Choice: Invalid choice.

a) Show number of empty seats
b) Show list of empty seats
c) Show alphabetical list of seats
d) Assign a customer to a seat assignment
e) Delete a seat assignment
f) Return to Main Menu
Choice: Invalid choice.

a) Show number of empty seats
b) Show list of empty seats
c) Show alphabetical list of seats
d) Assign a customer to a seat assignment
e) Delete a seat assignment
f) Return to Main Menu
Choice: Invalid choice.

a) Show number of empty seats
b) Show list of empty seats
c) Show alphabetical list of seats
d) Assign a customer to a seat assignment
e) Delete a seat assignment
f) Return to Main Menu
Choice: Invalid choice.

a) Show number of empty seats
b) Show list of empty seats
c) Show alphabetical list of seats
d) Assign a customer to a seat assignment
e) Delete a seat assignment
f) Return to Main Menu
Choice: Invalid choice.

a) Show number of empty seats
b) Show list of empty seats
c) Show alphabetical list of seats
d) Assign a customer to a seat assignment
e) Delete a seat assignment
f) Return to Main Menu
Choice: Invalid choice.

a) Show number of empty seats
b) Show list of empty seats
c) Show alphabetical list of seats
d) Assign a customer to a seat assignment
e) Delete a seat assignment
f) Return to Main Menu
Choice: Invalid choice.

a) Show number of empty seats
b) Show list of empty seats
c) Show alphabetical list of seats
d) Assign a customer to a seat assignment
e) Delete a seat assignment
f) Return to Main Menu
Choice: Invalid choice.

a) Show number of empty seats
b) Show list of empty seats
c) Show alphabetical list of seats
d) Assign a customer to a seat assignment
e) Delete a seat assignment
f) Return to Main Menu
Choice: Invalid choice.

a) Show number of empty seats
b) Show list of empty seats
c) Show alphabetical list of seats
d) Assign a customer to a seat assignment
e) Delete a seat assignment
f) Return to Main Menu
Choice: Invalid choice.

a) Show number of empty seats
b) Show list of empty seats
c) Show alphabetical list of seats
d) Assign a customer to a seat assignment
e) Delete a seat assignment
f) Return to Main Menu
Choice: Invalid choice.

a) Show number of empty seats
b) Show list of empty seats
c) Show alphabetical list of seats
d) Assign a customer to a seat assignment
e) Delete a seat assignment
f) Return to Main Menu
Choice: Invalid choice.

a) Show number of empty seats
b) Show list of empty seats
c) Show alphabetical list of seats
d) Assign a customer to a seat assignment
e) Delete a seat assignment
f) Return to Main Menu
Choice: Invalid choice.

a) Show number of empty seats
b) Show list of empty seats
c) Show alphabetical list of seats
d) Assign a customer to a seat assignment
e) Delete a seat assignment
f) Return to Main Menu
Choice: Invalid choice.

a) Show number of empty seats
b) Show list of empty seats
c) Show alphabetical list of seats
d) Assign a customer to a seat assignment
e) Delete a seat assignment
f) Return to Main Menu
Choice: Invalid choice.

a) Show number of empty seats
b) Show list of empty seats
c) Show alphabetical list of seats
d) Assign a customer to a seat assignment
e) Delete a seat assignment
f) Return to Main Menu
Choice: Invalid choice.

a) Show number of empty seats
b) Show list of empty seats
c) Show alphabetical list of seats
d) Assign a customer to a seat assignment
e) Delete a seat assignment
f) Return to Main Menu
Choice: Invalid choice.

a) Show number of empty seats
b) Show list of empty seats
c) Show alphabetical list of seats
d) Assign a customer to a seat assignment
e) Delete a seat assignment
f) Return to Main Menu
Choice: Invalid choice.

a) Show number of empty seats
b) Show list of empty seats
c) Show alphabetical list of seats
d) Assign a customer to a seat assignment
e) Delete a seat assignment
f) Return to Main Menu
Choice: Invalid choice.

a) Show number of empty seats
b) Show list of empty seats
c) Show alphabetical list of seats
d) Assign a customer to a seat assignment
e) Delete a seat assignment
f) Return to Main Menu
Choice: Invalid choice.

a) Show number of empty seats
b) Show list of empty seats
c) Show alphabetical list of seats
d) Assign a customer to a seat assignment
e) Delete a seat assignment
f) Return to Main Menu
Choice: Invalid choice.

a) Show number of empty seats
b) Show list of empty seats
c) Show alphabetical list of seats
d) Assign a customer to a seat assignment
e) Delete a seat assignment
f) Return to Main Menu
Choice: Invalid choice.

a) Show number of empty seats
b) Show list of empty seats
c) Show alphabetical list of seats
d) Assign a customer to a seat assignment
e) Delete a seat assignment
f) Return to Main Menu
Choice: Invalid choice.

a) Show number of empty seats
b) Show list of empty seats
c) Show alphabetical list of seats
d) Assign a customer to a seat assignment
e) Delete a seat assignment
f) Return to Main Menu
Choice: Invalid choice.

a) Show number of empty seats
b) Show list of empty seats
c) Show alphabetical list of seats
d) Assign a customer to a seat assignment
e) Delete a seat assignment
f) Return to Main Menu
Choice: Invalid choice.

a) Show number of empty seats
b) Show list of empty seats
c) Show alphabetical list of seats
d) Assign a customer to a seat assignment
e) Delete a seat assignment
f) Return to Main Menu
Choice: Invalid choice.

a) Show number of empty seats
b) Show list of empty seats
c) Show alphabetical list of seats
d) Assign a customer to a seat assignment
e) Delete a seat assignment
f) Return to Main Menu
Choice: Invalid choice.

a) Show number of empty seats
b) Show list of empty seats
c) Show alphabetical list of seats
d) Assign a customer to a seat assignment
e) Delete a seat assignment
f) Return to Main Menu
Choice: Invalid choice.

a) Show number of empty seats
b) Show list of empty seats
c) Show alphabetical list of seats
d) Assign a customer to a seat assignment
e) Delete a seat assignment
f) Return to Main Menu
Choice: Invalid choice.

a) Show number of empty seats
b) Show list of empty seats
c) Show alphabetical list of seats
d) Assign a customer to a seat assignment
e) Delete a seat assignment
f) Return to Main Menu
Choice: Invalid choice.

a) Show number of empty seats
b) Show list of empty seats
c) Show alphabetical list of seats
d) Assign a customer to a seat assignment
e) Delete a seat assignment
f) Return to Main Menu
Choice: Invalid choice.

a) Show number of empty seats
b) Show list of empty seats
c) Show alphabetical list of seats
d) Assign a customer to a seat assignment
e) Delete a seat assignment
f) Return to Main Menu
Choice: There are 21 empty seats.

a) Show number of empty seats
b) Show list of empty seats
c) Show alphabetical list of seats
d) Assign a customer to a seat assignment
e) Delete a seat assignment
f) Return to Main Menu
Choice: Alphabetical list:
Seat 3: AAAAAAAAAAAAAAAAAAAAAAAAAAAAA, AAAAAAAAAAAAAAAAAAAAAAAAAAAAA
Seat 2: Smith, John
Seat 1: d, Alice

a) Show number of empty seats
b) Show list of empty seats
c) Show alphabetical list of seats
d) Assign a customer to a seat assignment
e) Delete a seat assignment
f) Return to Main Menu
Choice: Enter seat number to assign (q to abort): Enter first name (q to abort): Enter last name (q to abort): Seat 4 assigned to b d.

a) Show number of empty seats
b) Show list of empty seats
c) Show alphabetical list of seats
d) Assign a customer to a seat assignment
e) Delete a seat assignment
f) Return to Main Menu
Choice: Invalid choice.

a) Show number of empty seats
b) Show list of empty seats
c) Show alphabetical list of seats
d) Assign a customer to a seat assignment
e) Delete a seat assignment
f) Return to Main Menu
Choice: Enter seat number to assign (q to abort): Seat number must be 1 to 24.

a) Show number of empty seats
b) Show list of empty seats
c) Show alphabetical list of seats
d) Assign a customer to a seat assignment
e) Delete a seat assignment
f) Return to Main Menu
Choice: Enter seat number to assign (q to abort): Seat number must be 1 to 24.

a) Show number of empty seats
b) Show list of empty seats
c) Show alphabetical list of seats
d) Assign a customer to a seat assignment
e) Delete a seat assignment
f) Return to Main Menu
Choice: Enter seat number to assign (q to abort): Enter first name (q to abort): Enter last name (q to abort): Seat 7 assigned to e 0.

a) Show number of empty seats
b) Show list of empty seats
c) Show alphabetical list of seats
d) Assign a customer to a seat assignment
e) Delete a seat assignment
f) Return to Main Menu
Choice: Enter seat number to delete (q to abort): Seat number must be 1 to 24.

a) Show number of empty seats
b) Show list of empty seats
c) Show alphabetical list of seats
d) Assign a customer to a seat assignment
e) Delete a seat assignment
f) Return to Main Menu
Choice: Enter seat number to delete (q to abort): Seat number must be 1 to 24.

a) Show number of empty seats
b) Show list of empty seats
c) Show alphabetical list of seats
d) Assign a customer to a seat assignment
e) Delete a seat assignment
f) Return to Main Menu
Choice: Enter seat number to delete (q to abort): Seat 2 is now empty.

a) Show number of empty seats
b) Show list of empty seats
c) Show alphabetical list of seats
d) Assign a customer to a seat assignment
e) Delete a seat assignment
f) Return to Main Menu
Choice: Alphabetical list:
Seat 7: 0, e
Seat 3: AAAAAAAAAAAAAAAAAAAAAAAAAAAAA, AAAAAAAAAAAAAAAAAAAAAAAAAAAAA
Seat 1: d, Alice
Seat 4: d, b

a) Show number of empty seats
b) Show list of empty seats
c) Show alphabetical list of seats
d) Assign a customer to a seat assignment
e) Delete a seat assignment
f) Return to Main Menu
Choice: Enter seat number to delete (q to abort): That seat is already empty.

a) Show number of empty seats
b) Show list of empty seats
c) Show alphabetical list of seats
d) Assign a customer to a seat assignment
e) Delete a seat assignment
f) Return to Main Menu
Choice: Empty seats: 2 5 6 8 9 10 11 12 13 14 15 16 17 18 19 20 21 22 23 24 

a) Show number of empty seats
b) Show list of empty seats
c) Show alphabetical list of seats
d) Assign a customer to a seat assignment
e) Delete a seat assignment
f) Return to Main Menu
Choice: Invalid choice.

a) Show number of empty seats
b) Show list of empty seats
c) Show alphabetical list of seats
d) Assign a customer to a seat assignment
e) Delete a seat assignment
f) Return to Main Menu
Choice: Invalid choice.

a) Show number of empty seats
b) Show list of empty seats
c) Show alphabetical list of seats
d) Assign a customer to a seat assignment
e) Delete a seat assignment
f) Return to Main Menu
Choice: Invalid choice.

a) Show number of empty seats
b) Show list of empty seats
c) Show alphabetical list of seats
d) Assign a customer to a seat assignment
e) Delete a seat assignment
f) Return to Main Menu
Choice: Invalid choice.

a) Show number of empty seats
b) Show list of empty seats
c) Show alphabetical list of seats
d) Assign a customer to a seat assignment
e) Delete a seat assignment
f) Return to Main Menu
Choice: Invalid choice.

a) Show number of empty seats
b) Show list of empty seats
c) Show alphabetical list of seats
d) Assign a customer to a seat assignment
e) Delete a seat assignment
f) Return to Main Menu
Choice: Invalid choice.

a) Show number of empty seats
b) Show list of empty seats
c) Show alphabetical list of seats
d) Assign a customer to a seat assignment
e) Delete a seat assignment
f) Return to Main Menu
Choice: Invalid choice.

a) Show number of empty seats
b) Show list of empty seats
c) Show alphabetical list of seats
d) Assign a customer to a seat assignment
e) Delete a seat assignment
f) Return to Main Menu
Choice: Invalid choice.

a) Show number of empty seats
b) Show list of empty seats
c) Show alphabetical list of seats
d) Assign a customer to a seat assignment
e) Delete a seat assignment
f) Return to Main Menu
Choice: Invalid choice.

a) Show number of empty seats
b) Show list of empty seats
c) Show alphabetical list of seats
d) Assign a customer to a seat assignment
e) Delete a seat assignment
f) Return to Main Menu
Choice: There are 20 empty seats.

a) Show number of empty seats
b) Show list of empty seats
c) Show alphabetical list of seats
d) Assign a customer to a seat assignment
e) Delete a seat assignment
f) Return to Main Menu
Choice: Empty seats: 2 5 6 8 9 10 11 12 13 14 15 16 17 18 19 20 21 22 23 24 

a) Show number of empty seats
b) Show list of empty seats
c) Show alphabetical list of seats
d) Assign a customer to a seat assignment
e) Delete a seat assignment
f) Return to Main Menu
Choice: 
a) Outbound Flight
b) Inbound Flight
c) Quit
Choice: Invalid choice.

a) Outbound Flight
b) Inbound Flight
c) Quit
Choice: Invalid choice.

a) Outbound Flight
b) Inbound Flight
c) Quit
Choice: Invalid choice.

a) Outbound Flight
b) Inbound Flight
c) Quit
Choice: Invalid choice.

a) Outbound Flight
b) Inbound Flight
c) Quit
Choice: Invalid choice.

a) Outbound Flight
b) Inbound Flight
c) Quit
Choice: Invalid choice.

a) Outbound Flight
b) Inbound Flight
c) Quit
Choice: Invalid choice.

a) Outbound Flight
b) Inbound Flight
c) Quit
Choice: 
a) Show number of empty seats
b) Show list of empty seats
c) Show alphabetical list of seats
d) Assign a customer to a seat assignment
e) Delete a seat assignment
f) Return to Main Menu
Choice: Empty seats: 2 5 6 8 9 10 11 12 13 14 15 16 17 18 19 20 21 22 23 24 

a) Show number of empty seats
b) Show list of empty seats
c) Show alphabetical list of seats
d) Assign a customer to a seat assignment
e) Delete a seat assignment
f) Return to Main Menu
Choice: Alphabetical list:
Seat 7: 0, e
Seat 3: AAAAAAAAAAAAAAAAAAAAAAAAAAAAA, AAAAAAAAAAAAAAAAAAAAAAAAAAAAA
Seat 1: d, Alice
Seat 4: d, b

a) Show number of empty seats
b) Show list of empty seats
c) Show alphabetical list of seats
d) Assign a customer to a seat assignment
e) Delete a seat assignment
f) Return to Main Menu
Choice: Invalid choice.

a) Show number of empty seats
b) Show list of empty seats
c) Show alphabetical list of seats
d) Assign a customer to a seat assignment
e) Delete a seat assignment
f) Return to Main Menu
Choice: Enter seat number to assign (q to abort): That seat is already taken.

a) Show number of empty seats
b) Show list of empty seats
c) Show alphabetical list of seats
d) Assign a customer to a seat assignment
e) Delete a seat assignment
f) Return to Main Menu
Choice: Invalid choice.

a) Show number of empty seats
b) Show list of empty seats
c) Show alphabetical list of seats
d) Assign a customer to a seat assignment
e) Delete a seat assignment
f) Return to Main Menu
Choice: There are 20 empty seats.

a) Show number of empty seats
b) Show list of empty seats
c) Show alphabetical list of seats
d) Assign a customer to a seat assignment
e) Delete a seat assignment
f) Return to Main Menu
Choice: Invalid choice.

a) Show number of empty seats
b) Show list of empty seats
c) Show alphabetical list of seats
d) Assign a customer to a seat assignment
e) Delete a seat assignment
f) Return to Main Menu
Choice: Invalid choice.

a) Show number of empty seats
b) Show list of empty seats
c) Show alphabetical list of seats
d) Assign a customer to a seat assignment
e) Delete a seat assignment
f) Return to Main Menu
Choice: Invalid choice.

a) Show number of empty seats
b) Show list of empty seats
c) Show alphabetical list of seats
d) Assign a customer to a seat assignment
e) Delete a seat assignment
f) Return to Main Menu
Choice: There are 20 empty seats.

a) Show number of empty seats
b) Show list of empty seats
c) Show alphabetical list of seats
d) Assign a customer to a seat assignment
e) Delete a seat assignment
f) Return to Main Menu
Choice: Alphabetical list:
Seat 7: 0, e
Seat 3: AAAAAAAAAAAAAAAAAAAAAAAAAAAAA, AAAAAAAAAAAAAAAAAAAAAAAAAAAAA
Seat 1: d, Alice
Seat 4: d, b

a) Show number of empty seats
b) Show list of empty seats
c) Show alphabetical list of seats
d) Assign a customer to a seat assignment
e) Delete a seat assignment
f) Return to Main Menu
Choice: 
a) Outbound Flight
b) Inbound Flight
c) Quit
Choice: Invalid choice.

a) Outbound Flight
b) Inbound Flight
c) Quit
Choice: 
a) Show number of empty seats
b) Show list of empty seats
c) Show alphabetical list of seats
d) Assign a customer to a seat assignment
e) Delete a seat assignment
f) Return to Main Menu
Choice: Alphabetical list:
Seat 7: 0, e
Seat 3: AAAAAAAAAAAAAAAAAAAAAAAAAAAAA, AAAAAAAAAAAAAAAAAAAAAAAAAAAAA
Seat 1: d, Alice
Seat 4: d, b

a) Show number of empty seats
b) Show list of empty seats
c) Show alphabetical list of seats
d) Assign a customer to a seat assignment
e) Delete a seat assignment
f) Return to Main Menu
Choice: 
a) Outbound Flight
b) Inbound Flight
c) Quit
Choice: Invalid choice.

a) Outbound Flight
b) Inbound Flight
c) Quit
Choice: 